 2026-06-30 10:32:33,348 - DEBUG - Inicio del programa
 2026-06-30 10:32:33,348 - DEBUG - Inicio de factorial(5)
 2026-06-30 10:32:33,348 - DEBUG - i es: 0 y total es: 0
 2026-06-30 10:32:33,348 - DEBUG - i es: 1 y total es: 0
 2026-06-30 10:32:33,348 - DEBUG - i es: 2 y total es: 0
 2026-06-30 10:32:33,348 - DEBUG - i es: 3 y total es: 0
 2026-06-30 10:32:33,348 - DEBUG - i es: 4 y total es: 0
 2026-06-30 10:32:33,348 - DEBUG - i es: 5 y total es: 0
 2026-06-30 10:32:33,348 - DEBUG - Fin de factorial(5)
 2026-06-30 10:32:33,349 - DEBUG - Fin del programa
 2026-06-30 10:47:45,376 - DEBUG - Inicio del programa
 2026-06-30 10:47:45,376 - DEBUG - Inicio de factorial(5)
 2026-06-30 10:47:45,376 - DEBUG - i es: 0 y total es: 0
 2026-06-30 10:47:45,378 - DEBUG - i es: 1 y total es: 0
 2026-06-30 10:47:45,378 - DEBUG - i es: 2 y total es: 0
 2026-06-30 10:47:45,378 - DEBUG - i es: 3 y total es: 0
 2026-06-30 10:47:45,378 - DEBUG - i es: 4 y total es: 0
 2026-06-30 10:47:45,378 - DEBUG - i es: 5 y total es: 0
 2026-06-30 10:47:45,378 - DEBUG - Fin de factorial(5)
 2026-06-30 10:47:45,379 - DEBUG - Fin del programa
